mill -i CoupledL2.test.runMain coupledL2.TestTop_fullSys -td build
====== Inclusive l20 (32.0KB * 1-bank) prefetch: Some(ACDPParameters(128,18,3,38,30,29,21,8,10,18)) ======
bankBits: 0
replacement: plru
replace policy: 3
sets:128 ways:4 blockBytes:64
usr/alias: (2-bit)
	0 <= l1i0;	sourceRange: 32~64
	1 <= l1d0;	sourceRange: 0~32
RecentCacheMissTable:io.w.bits(ie.wAddr)=RecentCacheMissTable.io.w.bits: IO[UInt<39>]
RecentCacheMissTable:io.w.valid=RecentCacheMissTable.io.w.valid: IO[Bool]
RecentCacheMissTable:io.r.req.valid=RecentCacheMissTable.io.r.req.valid: IO[Bool]
RecentCacheMissTable:io.r.req.bits.pfAddr(ie.rAddr)=RecentCacheMissTable.io.r.req.bits.pfAddr: IO[UInt<16>]
cmTable.io.r.req.valid=SRAMTemplate.io.r.req.valid: IO[Bool]
cmTable.io.r.req.bits.setIdx=SRAMTemplate.io.r.req.bits.setIdx: IO[UInt<7>]
io.w.ready=RecentCacheMissTable.io.w.ready: IO[Bool]
io.r.req.ready=RecentCacheMissTable.io.r.req.ready: IO[Bool]
io.r.resp.valid=RecentCacheMissTable.io.r.resp.valid: IO[Bool]
io.r.resp.bits.hit=RecentCacheMissTable.io.r.resp.bits.hit: IO[Bool]
Constantin fileRead: firstTlbReplayCnt = 10
===========acdp=============
====== Inclusive l21 (32.0KB * 1-bank) prefetch: Some(ACDPParameters(128,18,3,38,30,29,21,8,10,18)) ======
bankBits: 0
replacement: plru
replace policy: 3
sets:128 ways:4 blockBytes:64
usr/alias: (2-bit)
	0 <= l1i1;	sourceRange: 32~64
	1 <= l1d1;	sourceRange: 0~32
RecentCacheMissTable:io.w.bits(ie.wAddr)=RecentCacheMissTable_1.io.w.bits: IO[UInt<39>]
RecentCacheMissTable:io.w.valid=RecentCacheMissTable_1.io.w.valid: IO[Bool]
RecentCacheMissTable:io.r.req.valid=RecentCacheMissTable_1.io.r.req.valid: IO[Bool]
RecentCacheMissTable:io.r.req.bits.pfAddr(ie.rAddr)=RecentCacheMissTable_1.io.r.req.bits.pfAddr: IO[UInt<16>]
cmTable.io.r.req.valid=SRAMTemplate_5.io.r.req.valid: IO[Bool]
cmTable.io.r.req.bits.setIdx=SRAMTemplate_5.io.r.req.bits.setIdx: IO[UInt<7>]
io.w.ready=RecentCacheMissTable_1.io.w.ready: IO[Bool]
io.r.req.ready=RecentCacheMissTable_1.io.r.req.ready: IO[Bool]
io.r.resp.valid=RecentCacheMissTable_1.io.r.resp.valid: IO[Bool]
io.r.resp.bits.hit=RecentCacheMissTable_1.io.r.resp.bits.hit: IO[Bool]
Constantin fileRead: firstTlbReplayCnt = 10
===========acdp=============
====== Non-inclusive L3 (32.0KB * 1-bank) prefetch: None ======
bankBits: 0
sets:128 ways:4 blockBytes:64
[client] size:48.0KB
[client] sets:128 ways:6 blockBytes:64
blockGranularityBits: 7
echo/blockisdirty: (1-bit)
clientBits: 2
Data ECC bits:0
Tag ECC bits:0
Tag ECC bits:0
	0 <= l20
	1 <= l21
